root@WISHULAJAYATHUNGA:/mnt/d/AAApera/Sem6/CO326/project/setup# su - myuser
myuser@WISHULAJAYATHUNGA:~$ cd /mnt/d/AAApera/Sem6/CO326/project/setup
myuser@WISHULAJAYATHUNGA:/mnt/d/AAApera/Sem6/CO326/project/setup$ minikube start --cpus 4 --disk-size 40gb --memory 2200mb -p opentwins
üòÑ  [opentwins] minikube v1.33.1 on Ubuntu 22.04 (amd64)
‚ú®  Using the docker driver based on existing profile

ü§∑  Exiting due to PROVIDER_DOCKER_NOT_FOUND: The 'docker' provider was notfound: exec: "docker": executable file not found in $PATH
üí°  Suggestion: Install Docker
üìò  Documentation: https://minikube.sigs.k8s.io/docs/drivers/docker/

myuser@WISHULAJAYATHUNGA:/mnt/d/AAApera/Sem6/CO326/project/setup$ minikube start --cpus 4 --disk-size 40gb --memory 2200mb -p opentwins
üòÑ  [opentwins] minikube v1.33.1 on Ubuntu 22.04 (amd64)
‚ú®  Using the docker driver based on existing profile
üëç  Starting "opentwins" primary control-plane node in "opentwins" cluster
üöú  Pulling base image v0.0.44 ...
üèÉ  Updating the running docker "opentwins" container ...
üê≥  Preparing Kubernetes v1.30.0 on Docker 26.1.1 ...
üîé  Verifying Kubernetes components...
    ‚ñ™ Using image gcr.io/k8s-minikube/storage-provisioner:v5
üåü  Enabled addons: default-storageclass, storage-provisioner
üèÑ  Done! kubectl is now configured to use "opentwins" cluster and "default" namespace by default
myuser@WISHULAJAYATHUNGA:/mnt/d/AAApera/Sem6/CO326/project/setup$ kubectl create namespace opentwins
Error from server (AlreadyExists): namespaces "opentwins" already exists
myuser@WISHULAJAYATHUNGA:/mnt/d/AAApera/Sem6/CO326/project/setup$ helm repoadd ertis https://ertis-research.github.io/Helm-charts/
"ertis" already exists with the same configuration, skipping
myuser@WISHULAJAYATHUNGA:/mnt/d/AAApera/Sem6/CO326/project/setup$ helm upgrade --install opentwins ertis/OpenTwins -n opentwins --dependency-update --debug
history.go:56: [debug] getting history for release opentwins
upgrade.go:158: [debug] preparing upgrade for opentwins
Error: UPGRADE FAILED: another operation (install/upgrade/rollback) is in progress
helm.go:84: [debug] another operation (install/upgrade/rollback) is in progress
helm.sh/helm/v3/pkg/action.init
        <autogenerated>:1
runtime.doInit1
        runtime/proc.go:7176
runtime.doInit
        runtime/proc.go:7143
runtime.main
        runtime/proc.go:253
runtime.goexit
        runtime/asm_amd64.s:1695
UPGRADE FAILED
main.newUpgradeCmd.func2
        helm.sh/helm/v3/cmd/helm/upgrade.go:240
github.com/spf13/cobra.(*Command).execute
        github.com/spf13/cobra@v1.8.0/command.go:983
github.com/spf13/cobra.(*Command).ExecuteC
        github.com/spf13/cobra@v1.8.0/command.go:1115
github.com/spf13/cobra.(*Command).Execute
        github.com/spf13/cobra@v1.8.0/command.go:1039
main.main
        helm.sh/helm/v3/cmd/helm/helm.go:83
runtime.main
        runtime/proc.go:271
runtime.goexit
        runtime/asm_amd64.s:1695
myuser@WISHULAJAYATHUNGA:/mnt/d/AAApera/Sem6/CO326/project/setup$ helm upgrade --install opentwins ertis/OpenTwins -n opentwins --dependency-update --debug
history.go:56: [debug] getting history for release opentwins
upgrade.go:158: [debug] preparing upgrade for opentwins
Error: UPGRADE FAILED: another operation (install/upgrade/rollback) is in progress
helm.go:84: [debug] another operation (install/upgrade/rollback) is in progress
helm.sh/helm/v3/pkg/action.init
        <autogenerated>:1
runtime.doInit1
        runtime/proc.go:7176
runtime.doInit
        runtime/proc.go:7143
runtime.main
        runtime/proc.go:253
runtime.goexit
        runtime/asm_amd64.s:1695
UPGRADE FAILED
main.newUpgradeCmd.func2
        helm.sh/helm/v3/cmd/helm/upgrade.go:240
github.com/spf13/cobra.(*Command).execute
        github.com/spf13/cobra@v1.8.0/command.go:983
github.com/spf13/cobra.(*Command).ExecuteC
        github.com/spf13/cobra@v1.8.0/command.go:1115
github.com/spf13/cobra.(*Command).Execute
        github.com/spf13/cobra@v1.8.0/command.go:1039
main.main
        helm.sh/helm/v3/cmd/helm/helm.go:83
runtime.main
        runtime/proc.go:271
runtime.goexit
        runtime/asm_amd64.s:1695
myuser@WISHULAJAYATHUNGA:/mnt/d/AAApera/Sem6/CO326/project/setup$ helm upgrade --install opentwins ertis/OpenTwins -n opentwins --dependency-update --debug
history.go:56: [debug] getting history for release opentwins
upgrade.go:158: [debug] preparing upgrade for opentwins
Error: UPGRADE FAILED: another operation (install/upgrade/rollback) is in progress
helm.go:84: [debug] another operation (install/upgrade/rollback) is in progress
helm.sh/helm/v3/pkg/action.init
        <autogenerated>:1
runtime.doInit1
        runtime/proc.go:7176
runtime.doInit
        runtime/proc.go:7143
runtime.main
        runtime/proc.go:253
runtime.goexit
        runtime/asm_amd64.s:1695
UPGRADE FAILED
main.newUpgradeCmd.func2
        helm.sh/helm/v3/cmd/helm/upgrade.go:240
github.com/spf13/cobra.(*Command).execute
        github.com/spf13/cobra@v1.8.0/command.go:983
github.com/spf13/cobra.(*Command).ExecuteC
        github.com/spf13/cobra@v1.8.0/command.go:1115
github.com/spf13/cobra.(*Command).Execute
        github.com/spf13/cobra@v1.8.0/command.go:1039
main.main
        helm.sh/helm/v3/cmd/helm/helm.go:83
runtime.main
        runtime/proc.go:271
runtime.goexit
        runtime/asm_amd64.s:1695
myuser@WISHULAJAYATHUNGA:/mnt/d/AAApera/Sem6/CO326/project/setup$ helm status opentwins -n opentwins
NAME: opentwins
LAST DEPLOYED: Thu Jun  6 18:49:42 2024
NAMESPACE: opentwins
STATUS: pending-install
REVISION: 1
myuser@WISHULAJAYATHUNGA:/mnt/d/AAApera/Sem6/CO326/project/setup$ helm upgrade --install opentwins ertis/OpenTwins -n opentwins --dependency-update --debug
history.go:56: [debug] getting history for release opentwins
upgrade.go:158: [debug] preparing upgrade for opentwins
Error: UPGRADE FAILED: another operation (install/upgrade/rollback) is in progress
helm.go:84: [debug] another operation (install/upgrade/rollback) is in progress
helm.sh/helm/v3/pkg/action.init
        <autogenerated>:1
runtime.doInit1
        runtime/proc.go:7176
runtime.doInit
        runtime/proc.go:7143
runtime.main
        runtime/proc.go:253
runtime.goexit
        runtime/asm_amd64.s:1695
UPGRADE FAILED
main.newUpgradeCmd.func2
        helm.sh/helm/v3/cmd/helm/upgrade.go:240
github.com/spf13/cobra.(*Command).execute
        github.com/spf13/cobra@v1.8.0/command.go:983
github.com/spf13/cobra.(*Command).ExecuteC
        github.com/spf13/cobra@v1.8.0/command.go:1115
github.com/spf13/cobra.(*Command).Execute
        github.com/spf13/cobra@v1.8.0/command.go:1039
main.main
        helm.sh/helm/v3/cmd/helm/helm.go:83
runtime.main
        runtime/proc.go:271
runtime.goexit
        runtime/asm_amd64.s:1695
myuser@WISHULAJAYATHUNGA:/mnt/d/AAApera/Sem6/CO326/project/setup$ helm delete opentwins -n opentwins
These resources were kept due to the resource policy:
[PersistentVolumeClaim] opentwins-influxdb2

release "opentwins" uninstalled
myuser@WISHULAJAYATHUNGA:/mnt/d/AAApera/Sem6/CO326/project/setup$ helm upgrade --install opentwins ertis/OpenTwins -n opentwins --dependency-update --debug
history.go:56: [debug] getting history for release opentwins
Release "opentwins" does not exist. Installing it now.
install.go:222: [debug] Original chart version: ""
install.go:239: [debug] CHART PATH: /home/myuser/.cache/helm/repository/OpenTwins-0.5.17.tgz

client.go:393: [debug] checking 62 resources for changes
client.go:414: [debug] Created a new PodDisruptionBudget called "opentwins-influxdb2" in opentwins

client.go:414: [debug] Created a new PodDisruptionBudget called "opentwins-telegraf" in opentwins

client.go:414: [debug] Created a new ServiceAccount called "opentwins-ditto" in opentwins

client.go:414: [debug] Created a new ServiceAccount called "opentwins-grafana" in opentwins

client.go:414: [debug] Created a new ServiceAccount called "opentwins-influxdb2" in opentwins

client.go:414: [debug] Created a new ServiceAccount called "opentwins-mongodb" in opentwins

client.go:414: [debug] Created a new ServiceAccount called "opentwins-mosquitto" in opentwins

client.go:414: [debug] Created a new ServiceAccount called "opentwins-telegraf" in opentwins

client.go:414: [debug] Created a new Secret called "opentwins-ditto-gateway-secret" in opentwins

client.go:414: [debug] Created a new Secret called "opentwins-nginx-config-nginx-htpasswd" in opentwins

client.go:414: [debug] Created a new Secret called "opentwins-grafana" in opentwins

client.go:414: [debug] Created a new Secret called "opentwins-influxdb2-auth" in opentwins

client.go:414: [debug] Created a new Secret called "opentwins-ditto-default-data" in opentwins

client.go:414: [debug] Created a new Secret called "opentwins-example-raspberry-data" in opentwins

client.go:414: [debug] Created a new Secret called "ditto-mongodb-connection-secret" in opentwins

client.go:414: [debug] Created a new Secret called "opentwins-mosquitto-connection-data" in opentwins

client.go:414: [debug] Created a new ConfigMap called "opentwins-logback-config-connectivity-xml" in opentwins

client.go:414: [debug] Created a new ConfigMap called "opentwins-logback-config-gateway-xml" in opentwins

client.go:414: [debug] Created a new ConfigMap called "opentwins-logback-config-policies-xml" in opentwins

client.go:414: [debug] Created a new ConfigMap called "opentwins-logback-config-things-xml" in opentwins

client.go:414: [debug] Created a new ConfigMap called "opentwins-logback-config-thingssearch-xml" in opentwins

client.go:414: [debug] Created a new ConfigMap called "opentwins-nginx-config-ditto-down-svg" in opentwins

client.go:414: [debug] Created a new ConfigMap called "opentwins-nginx-config-ditto-up-svg" in opentwins

client.go:414: [debug] Created a new ConfigMap called "opentwins-nginx-config-index-html" in opentwins

client.go:414: [debug] Created a new ConfigMap called "opentwins-nginx-config-nginx-cors-conf" in opentwins

client.go:414: [debug] Created a new ConfigMap called "opentwins-nginx-conf" in opentwins

client.go:414: [debug] Created a new ConfigMap called "opentwins-grafana" in opentwins

client.go:414: [debug] Created a new ConfigMap called "opentwins-mongodb-common-scripts" in opentwins

client.go:414: [debug] Created a new ConfigMap called "opentwins-mosquitto"in opentwins

client.go:414: [debug] Created a new ConfigMap called "opentwins-telegraf" in opentwins

client.go:414: [debug] Created a new ConfigMap called "opentwins-influxdb2-grafana-datasource" in opentwins

client.go:414: [debug] Created a new ConfigMap called "opentwins-telegraf-real-config" in opentwins

client.go:684: [debug] Looks like there are no changes for PersistentVolumeClaim "opentwins-grafana"
client.go:684: [debug] Looks like there are no changes for PersistentVolumeClaim "opentwins-influxdb2"
client.go:684: [debug] Looks like there are no changes for PersistentVolumeClaim "opentwins-mongodb"
client.go:414: [debug] Created a new ClusterRole called "opentwins-grafana-clusterrole" in

client.go:414: [debug] Created a new ClusterRoleBinding called "opentwins-grafana-clusterrolebinding" in

client.go:414: [debug] Created a new Role called "opentwins-ditto" in opentwins

client.go:414: [debug] Created a new Role called "opentwins-grafana" in opentwins

client.go:414: [debug] Created a new Role called "opentwins-telegraf" in opentwins

client.go:414: [debug] Created a new RoleBinding called "opentwins-ditto" in opentwins

client.go:414: [debug] Created a new RoleBinding called "opentwins-grafana"in opentwins

client.go:414: [debug] Created a new RoleBinding called "opentwins-telegraf" in opentwins

client.go:414: [debug] Created a new Service called "opentwins-ditto-gateway" in opentwins

client.go:414: [debug] Created a new Service called "opentwins-ditto-nginx"in opentwins

client.go:414: [debug] Created a new Service called "opentwins-grafana" in opentwins

client.go:414: [debug] Created a new Service called "opentwins-influxdb2" in opentwins

client.go:414: [debug] Created a new Service called "opentwins-mongodb" in opentwins

client.go:414: [debug] Created a new Service called "opentwins-mosquitto" in opentwins

client.go:414: [debug] Created a new Service called "opentwins-ditto-extended-api" in opentwins

client.go:414: [debug] Created a new Deployment called "opentwins-ditto-connectivity" in opentwins

client.go:414: [debug] Created a new Deployment called "opentwins-ditto-gateway" in opentwins

client.go:414: [debug] Created a new Deployment called "opentwins-ditto-nginx" in opentwins

client.go:414: [debug] Created a new Deployment called "opentwins-ditto-policies" in opentwins

client.go:414: [debug] Created a new Deployment called "opentwins-ditto-things" in opentwins

client.go:414: [debug] Created a new Deployment called "opentwins-ditto-thingssearch" in opentwins

client.go:414: [debug] Created a new Deployment called "opentwins-grafana" in opentwins

client.go:414: [debug] Created a new Deployment called "opentwins-mongodb" in opentwins

client.go:414: [debug] Created a new Deployment called "opentwins-mosquitto" in opentwins

client.go:414: [debug] Created a new Deployment called "opentwins-telegraf"in opentwins

client.go:414: [debug] Created a new Deployment called "opentwins-ditto-extended-api" in opentwins

client.go:414: [debug] Created a new StatefulSet called "opentwins-influxdb2" in opentwins

client.go:142: [debug] creating 1 resource(s)
Error: failed post-install: warning: Hook post-install OpenTwins/templates/post-install-jobs/post-install-ditto-default.yaml failed: 1 error occurred:
        * jobs.batch "opentwins-post-install-ditto-default" already exists


helm.go:84: [debug] failed post-install: warning: Hook post-install OpenTwins/templates/post-install-jobs/post-install-ditto-default.yaml failed: 1 error occurred:
        * jobs.batch "opentwins-post-install-ditto-default" already exists


myuser@WISHULAJAYATHUNGA:/mnt/d/AAApera/Sem6/CO326/project/setup$ helm status opentwins -n opentwins
NAME: opentwins
LAST DEPLOYED: Thu Jun  6 19:24:18 2024
NAMESPACE: opentwins
STATUS: failed
REVISION: 1
myuser@WISHULAJAYATHUNGA:/mnt/d/AAApera/Sem6/CO326/project/setup$ helm status opentwins -n opentwins
NAME: opentwins
LAST DEPLOYED: Thu Jun  6 19:24:18 2024
NAMESPACE: opentwins
STATUS: failed
REVISION: 1
myuser@WISHULAJAYATHUNGA:/mnt/d/AAApera/Sem6/CO326/project/setup$ helm delete opentwins -n opentwins
These resources were kept due to the resource policy:
[PersistentVolumeClaim] opentwins-influxdb2

release "opentwins" uninstalled
myuser@WISHULAJAYATHUNGA:/mnt/d/AAApera/Sem6/CO326/project/setup$ kubectl get all -n opentwins
NAME                                                READY   STATUS
   RESTARTS   AGE
pod/opentwins-ditto-connectivity-85896d76b6-r2w6k   0/1     Terminating   0          5m53s
pod/opentwins-ditto-extended-api-65b8586b49-fzzvs   0/1     Terminating   0          3m43s
pod/opentwins-ditto-gateway-86dd95d46c-c9tdm        0/1     Terminating   0          5m53s
pod/opentwins-ditto-nginx-7d4f9c74fc-hpbdt          0/1     Terminating   0          5m53s
pod/opentwins-ditto-policies-6fd5d86476-ggbjm       0/1     Terminating   0          5m48s
pod/opentwins-mosquitto-66d8f6955c-hc8mx            0/1     Terminating   0          3m44s
pod/opentwins-post-install-ditto-default-nb57f      0/1     ImagePullBackOff   0          42m
pod/opentwins-telegraf-c6b9bddc-9cdxm               0/1     Terminating   0          3m44s

myuser@WISHULAJAYATHUNGA:/mnt/d/AAApera/Sem6/CO326/project/setup$ kubectl delete pod opentwins-ditto-connectivity-85896d76b6-r2w6k -n opentwins
Error from server (NotFound): pods "opentwins-ditto-connectivity-85896d76b6-r2w6k" not found
myuser@WISHULAJAYATHUNGA:/mnt/d/AAApera/Sem6/CO326/project/setup$ kubectl demyuser@WISHULAJAYATHUNGA:/mnt/d/AAApera/Sem6/CO326/project/setup$ kubectl delete pods --all -n opentwins
pod "opentwins-ditto-gateway-86dd95d46c-c9tdm" deleted
pod "opentwins-ditto-policies-6fd5d86476-ggbjm" deleted
pod "opentwins-post-install-ditto-default-nb57f" deleted
^Cmyuser@WISHULAJAYATHUNGA:/mnt/d/AAApera/Sem6/CO326/project/setup$
myuser@WISHULAJAYATHUNGA:/mnt/d/AAApera/Sem6/CO326/project/setup$ kubectl delete pods --all -n opentwins
pod "opentwins-ditto-gateway-86dd95d46c-c9tdm" deleted
pod "opentwins-ditto-policies-6fd5d86476-ggbjm" deleted
pod "opentwins-post-install-ditto-default-nb57f" deleted
pod "opentwins-post-install-ditto-default-xlw6x" deleted
^Cmyuser@WISHULAJAYATHUNGA:/mnt/d/AAApera/Sem6/CO326/project/setup$ kubectldelete pods --all -n opentwins
pod "opentwins-ditto-gateway-86dd95d46c-c9tdm" deleted
pod "opentwins-ditto-policies-6fd5d86476-ggbjm" deleted
pod "opentwins-post-install-ditto-default-nb57f" deleted
pod "opentwins-post-install-ditto-default-t6zgx" deleted
^Cmyuser@WISHULAJAYATHUNGA:/mnt/d/AAApera/Sem6/CO326/project/setup$ kubectldelete pods --all -n opentwins
pod "opentwins-ditto-policies-6fd5d86476-ggbjm" deleted
pod "opentwins-post-install-ditto-default-ll6ck" deleted
^Cmyuser@WISHULAJAYATHUNGA:/mnt/d/AAApera/Sem6/CO326/project/setup$ kubectget all -n opentwins
NAME                                            READY   STATUS        RESTARTS   AGE
pod/opentwins-ditto-policies-6fd5d86476-ggbjm   0/1     Terminating   0     13m

NAME                                             STATUS    COMPLETIONS   DURATION   AGE
job.batch/opentwins-post-install-ditto-default   Running   0/1           49m        49m
myuser@WISHULAJAYATHUNGA:/mnt/d/AAApera/Sem6/CO326/project/setup$ kubectl delete pods --all -n opentwins
pod "opentwins-ditto-policies-6fd5d86476-ggbjm" deleted
pod "opentwins-post-install-ditto-default-h8jps" deleted
myuser@WISHULAJAYATHUNGA:/mnt/d/AAApera/Sem6/CO326/project/setup$ $ kubectget --all -n opentwins
NAME                                            READY   STATUS        RESTARTS   AGE
pod/opentwins-ditto-policies-6fd5d86476-ggbjm   0/1     Terminating   0     14m

NAME                                             STATUS    COMPLETIONS   DURATION   AGE
job.batch/opentwins-post-install-ditto-default   Running   0/1           50m        50m
myuser@WISHULAJAYATHUNGA:/mnt/d/AAApera/Sem6/CO326/project/setup$ kubectl delete pods --all -n opentwins
pod "opentwins-ditto-policies-6fd5d86476-ggbjm" deleted
myuser@WISHULAJAYATHUNGA:/mnt/d/AAApera/Sem6/CO326/project/setup$ kubectl get all -n opentwins
NAME                                             STATUS    COMPLETIONS   DURATION   AGE
job.batch/opentwins-post-install-ditto-default   Running   0/1           51m        51m
myuser@WISHULAJAYATHUNGA:/mnt/d/AAApera/Sem6/CO326/project/setup$ kubectl delete pods --all -n opentwins
No resources found
myuser@WISHULAJAYATHUNGA:/mnt/d/AAApera/Sem6/CO326/project/setup$ kubectl delete job opentwins-post-install-ditto-default -n opentwins --grace-period=0--force
Warning: Immediate deletion does not wait for confirmation that the runningresource has been terminated. The resource may continue to run on the cluster indefinitely.
job.batch "opentwins-post-install-ditto-default" force deleted
myuser@WISHULAJAYATHUNGA:/mnt/d/AAApera/Sem6/CO326/project/setup$ kubectl get all -n opentwins
No resources found in opentwins namespace.
myuser@WISHULAJAYATHUNGA:/mnt/d/AAApera/Sem6/CO326/project/setup$ helm upgrade --install opentwins ertis/OpenTwins -n opentwins --dependency-update --debug
history.go:56: [debug] getting history for release opentwins
Release "opentwins" does not exist. Installing it now.
install.go:222: [debug] Original chart version: ""
install.go:239: [debug] CHART PATH: /home/myuser/.cache/helm/repository/OpenTwins-0.5.17.tgz

client.go:393: [debug] checking 62 resources for changes
client.go:414: [debug] Created a new PodDisruptionBudget called "opentwins-influxdb2" in opentwins

client.go:414: [debug] Created a new PodDisruptionBudget called "opentwins-telegraf" in opentwins

client.go:414: [debug] Created a new ServiceAccount called "opentwins-ditto" in opentwins

client.go:414: [debug] Created a new ServiceAccount called "opentwins-grafana" in opentwins

client.go:414: [debug] Created a new ServiceAccount called "opentwins-influxdb2" in opentwins

client.go:414: [debug] Created a new ServiceAccount called "opentwins-mongodb" in opentwins

client.go:414: [debug] Created a new ServiceAccount called "opentwins-mosquitto" in opentwins

client.go:414: [debug] Created a new ServiceAccount called "opentwins-telegraf" in opentwins

client.go:414: [debug] Created a new Secret called "opentwins-ditto-gateway-secret" in opentwins

client.go:414: [debug] Created a new Secret called "opentwins-nginx-config-nginx-htpasswd" in opentwins

client.go:414: [debug] Created a new Secret called "opentwins-grafana" in opentwins

client.go:414: [debug] Created a new Secret called "opentwins-influxdb2-auth" in opentwins

client.go:414: [debug] Created a new Secret called "opentwins-ditto-default-data" in opentwins

client.go:414: [debug] Created a new Secret called "opentwins-example-raspberry-data" in opentwins

client.go:414: [debug] Created a new Secret called "ditto-mongodb-connection-secret" in opentwins

client.go:414: [debug] Created a new Secret called "opentwins-mosquitto-connection-data" in opentwins

client.go:414: [debug] Created a new ConfigMap called "opentwins-logback-config-connectivity-xml" in opentwins

client.go:414: [debug] Created a new ConfigMap called "opentwins-logback-config-gateway-xml" in opentwins

client.go:414: [debug] Created a new ConfigMap called "opentwins-logback-config-policies-xml" in opentwins

client.go:414: [debug] Created a new ConfigMap called "opentwins-logback-config-things-xml" in opentwins

client.go:414: [debug] Created a new ConfigMap called "opentwins-logback-config-thingssearch-xml" in opentwins

client.go:414: [debug] Created a new ConfigMap called "opentwins-nginx-config-ditto-down-svg" in opentwins

client.go:414: [debug] Created a new ConfigMap called "opentwins-nginx-config-ditto-up-svg" in opentwins

client.go:414: [debug] Created a new ConfigMap called "opentwins-nginx-config-index-html" in opentwins

client.go:414: [debug] Created a new ConfigMap called "opentwins-nginx-config-nginx-cors-conf" in opentwins

client.go:414: [debug] Created a new ConfigMap called "opentwins-nginx-conf" in opentwins

client.go:414: [debug] Created a new ConfigMap called "opentwins-grafana" in opentwins

client.go:414: [debug] Created a new ConfigMap called "opentwins-mongodb-common-scripts" in opentwins

client.go:414: [debug] Created a new ConfigMap called "opentwins-mosquitto"in opentwins

client.go:414: [debug] Created a new ConfigMap called "opentwins-telegraf" in opentwins

client.go:414: [debug] Created a new ConfigMap called "opentwins-influxdb2-grafana-datasource" in opentwins

client.go:414: [debug] Created a new ConfigMap called "opentwins-telegraf-real-config" in opentwins

client.go:414: [debug] Created a new PersistentVolumeClaim called "opentwins-grafana" in opentwins

client.go:684: [debug] Looks like there are no changes for PersistentVolumeClaim "opentwins-influxdb2"
client.go:414: [debug] Created a new PersistentVolumeClaim called "opentwins-mongodb" in opentwins

client.go:414: [debug] Created a new ClusterRole called "opentwins-grafana-clusterrole" in

client.go:414: [debug] Created a new ClusterRoleBinding called "opentwins-grafana-clusterrolebinding" in

client.go:414: [debug] Created a new Role called "opentwins-ditto" in opentwins

client.go:414: [debug] Created a new Role called "opentwins-grafana" in opentwins

client.go:414: [debug] Created a new Role called "opentwins-telegraf" in opentwins

client.go:414: [debug] Created a new RoleBinding called "opentwins-ditto" in opentwins

client.go:414: [debug] Created a new RoleBinding called "opentwins-grafana"in opentwins

client.go:414: [debug] Created a new RoleBinding called "opentwins-telegraf" in opentwins

client.go:414: [debug] Created a new Service called "opentwins-ditto-gateway" in opentwins

client.go:414: [debug] Created a new Service called "opentwins-ditto-nginx"in opentwins

client.go:414: [debug] Created a new Service called "opentwins-grafana" in opentwins

client.go:414: [debug] Created a new Service called "opentwins-influxdb2" in opentwins

client.go:414: [debug] Created a new Service called "opentwins-mongodb" in opentwins

client.go:414: [debug] Created a new Service called "opentwins-mosquitto" in opentwins

client.go:414: [debug] Created a new Service called "opentwins-ditto-extended-api" in opentwins

client.go:414: [debug] Created a new Deployment called "opentwins-ditto-connectivity" in opentwins

client.go:414: [debug] Created a new Deployment called "opentwins-ditto-gateway" in opentwins

client.go:414: [debug] Created a new Deployment called "opentwins-ditto-nginx" in opentwins

client.go:414: [debug] Created a new Deployment called "opentwins-ditto-policies" in opentwins

client.go:414: [debug] Created a new Deployment called "opentwins-ditto-things" in opentwins

client.go:414: [debug] Created a new Deployment called "opentwins-ditto-thingssearch" in opentwins

client.go:414: [debug] Created a new Deployment called "opentwins-grafana" in opentwins

client.go:414: [debug] Created a new Deployment called "opentwins-mongodb" in opentwins

client.go:414: [debug] Created a new Deployment called "opentwins-mosquitto" in opentwins

client.go:414: [debug] Created a new Deployment called "opentwins-telegraf"in opentwins

client.go:414: [debug] Created a new Deployment called "opentwins-ditto-extended-api" in opentwins

client.go:414: [debug] Created a new StatefulSet called "opentwins-influxdb2" in opentwins

client.go:142: [debug] creating 1 resource(s)
client.go:712: [debug] Watching for changes to Job opentwins-post-install-ditto-default with timeout of 5m0s
client.go:740: [debug] Add/Modify event for opentwins-post-install-ditto-default: ADDED
client.go:779: [debug] opentwins-post-install-ditto-default: Jobs active: 0, jobs failed: 0, jobs succeeded: 0
client.go:740: [debug] Add/Modify event for opentwins-post-install-ditto-default: MODIFIED
client.go:779: [debug] opentwins-post-install-ditto-default: Jobs active: 1, jobs failed: 0, jobs succeeded: 0
W0606 19:42:59.513771    1409 reflector.go:470] k8s.io/client-go@v0.30.0/tools/cache/reflector.go:232: watch of *unstructured.Unstructured ended with: an error on the server ("unable to decode an event from the watch stream: http2: client connection lost") has prevented the request from succeeding
W0606 19:43:57.507365    1409 reflector.go:547] k8s.io/client-go@v0.30.0/tools/cache/reflector.go:232: failed to list *unstructured.Unstructured: Get "https://127.0.0.1:51706/apis/batch/v1/namespaces/opentwins/jobs?fieldSelector=metadata.name%3Dopentwins-post-install-ditto-default&resourceVersion=3047": net/http: TLS handshake timeout
I0606 19:43:58.643974    1409 trace.go:236] Trace[1203547098]: "Reflector ListAndWatch" name:k8s.io/client-go@v0.30.0/tools/cache/reflector.go:232 (06-Jun-2024 19:43:00.745) (total time: 57542ms):
Trace[1203547098]: ---"Objects listed" error:Get "https://127.0.0.1:51706/apis/batch/v1/namespaces/opentwins/jobs?fieldSelector=metadata.name%3Dopentwins-post-install-ditto-default&resourceVersion=3047": net/http: TLS handshaketimeout 56704ms (19:43:57.450)
Trace[1203547098]: [57.5429198s] [57.5429198s] END
E0606 19:43:59.261521    1409 reflector.go:150] k8s.io/client-go@v0.30.0/tools/cache/reflector.go:232: Failed to watch *unstructured.Unstructured: failed to list *unstructured.Unstructured: Get "https://127.0.0.1:51706/apis/batch/v1/namespaces/opentwins/jobs?fieldSelector=metadata.name%3Dopentwins-post-install-ditto-default&resourceVersion=3047": net/http: TLS handshake timeout
W0606 19:45:02.125240    1409 reflector.go:547] k8s.io/client-go@v0.30.0/tools/cache/reflector.go:232: failed to list *unstructured.Unstructured: Get "https://127.0.0.1:51706/apis/batch/v1/namespaces/opentwins/jobs?fieldSelector=metadata.name%3Dopentwins-post-install-ditto-default&resourceVersion=3047": net/http: TLS handshake timeout
I0606 19:45:02.488130    1409 trace.go:236] Trace[1292340041]: "Reflector ListAndWatch" name:k8s.io/client-go@v0.30.0/tools/cache/reflector.go:232 (06-Jun-2024 19:44:13.536) (total time: 48882ms):
Trace[1292340041]: ---"Objects listed" error:Get "https://127.0.0.1:51706/apis/batch/v1/namespaces/opentwins/jobs?fieldSelector=metadata.name%3Dopentwins-post-install-ditto-default&resourceVersion=3047": net/http: TLS handshaketimeout 48540ms (19:45:02.076)
Trace[1292340041]: [48.882667697s] [48.882667697s] END
E0606 19:45:02.653178    1409 reflector.go:150] k8s.io/client-go@v0.30.0/tools/cache/reflector.go:232: Failed to watch *unstructured.Unstructured: failed to list *unstructured.Unstructured: Get "https://127.0.0.1:51706/apis/batch/v1/namespaces/opentwins/jobs?fieldSelector=metadata.name%3Dopentwins-post-install-ditto-default&resourceVersion=3047": net/http: TLS handshake timeout
W0606 19:46:57.806895    1409 reflector.go:547] k8s.io/client-go@v0.30.0/tools/cache/reflector.go:232: failed to list *unstructured.Unstructured: Get "https://127.0.0.1:51706/apis/batch/v1/namespaces/opentwins/jobs?fieldSelector=metadata.name%3Dopentwins-post-install-ditto-default&resourceVersion=3047": net/http: TLS handshake timeout
I0606 19:47:57.868894    1409 trace.go:236] Trace[663681712]: "Reflector ListAndWatch" name:k8s.io/client-go@v0.30.0/tools/cache/reflector.go:232 (06-Jun-2024 19:45:08.699) (total time: 124034ms):
Trace[663681712]: ---"Objects listed" error:Get "https://127.0.0.1:51706/apis/batch/v1/namespaces/opentwins/jobs?fieldSelector=metadata.name%3Dopentwins-post-install-ditto-default&resourceVersion=3047": net/http: TLS handshake timeout 108573ms (19:46:57.273)
Trace[663681712]: [2m4.03436653s] [2m4.03436653s] END
E0606 19:48:16.747728    1409 reflector.go:150] k8s.io/client-go@v0.30.0/tools/cache/reflector.go:232: Failed to watch *unstructured.Unstructured: failed to list *unstructured.Unstructured: Get "https://127.0.0.1:51706/apis/batch/v1/namespaces/opentwins/jobs?fieldSelector=metadata.name%3Dopentwins-post-install-ditto-default&resourceVersion=3047": net/http: TLS handshake timeout
^C




Release opentwins has been cancelled.
